// Jest Snapshot v1, https://goo.gl/fbAQLP

exports[`GridRenderer renders a grid correctly 1`] = `ShallowWrapper {}`;

exports[`GridRenderer renders a table correctly 1`] = `ShallowWrapper {}`;
